// Jest Snapshot v1, https://goo.gl/fbAQLP

exports[`ProjectLink renders without crashing 1`] = `
<DocumentFragment>
  <a
    class="sc-bdVaJa sc-htoDjs jssEWI sc-htpNat dRQZBK"
    color="black"
    font-family="sans"
    font-size="0,1"
    href="/projects/coin"
  >
    <div
      class="sc-bdVaJa sc-bwzfXH pjOvZ"
    >
      <h1
        class="sc-bdVaJa sc-htpNat sc-bxivhb gBkMPw"
        font-size="2"
        font-weight="bold"
      >
        Coin
      </h1>
      <div
        class="sc-bdVaJa sc-dnqmqq bzPRsb"
      >
        <p
          class="sc-bdVaJa sc-htpNat ejPUVP"
          font-family="sans"
          font-size="0,1"
        >
          Web based financial management
        </p>
        <div
          class="sc-bdVaJa sc-bwzfXH pjOvZ"
        >
          <p
            class="sc-bdVaJa sc-htpNat ejPUVP"
            font-family="sans"
            font-size="0,1"
          >
            react
          </p>
          <p
            class="sc-bdVaJa sc-htpNat ejPUVP"
            font-family="sans"
            font-size="0,1"
          >
            typescript
          </p>
        </div>
      </div>
    </div>
  </a>
</DocumentFragment>
`;
