// Jest Snapshot v1, https://goo.gl/fbAQLP

exports[`ProjectLink renders without crashing 1`] = `
<DocumentFragment>
  <a
    class="sc-bdVaJa sc-htoDjs sc-gZMcBi eiGyBv sc-htpNat dRQZBK"
    color="black"
    font-family="sans"
    font-size="0,1"
    href="/projects/coin"
  >
    <div
      class="sc-bdVaJa sc-dnqmqq bzPRsb"
    >
      <h1
        class="sc-bdVaJa sc-htpNat sc-bxivhb fjWLGm"
        font-family="sans"
        font-size="2"
        font-weight="bold"
      >
        Coin
      </h1>
      <p
        class="sc-bdVaJa sc-htpNat ejPUVP"
        font-family="sans"
        font-size="0,1"
      >
        Web based financial management
      </p>
      <div
        class="sc-bdVaJa sc-bwzfXH pjOvZ"
      >
        <p
          class="sc-bdVaJa sc-iwsKbI iTJsEg sc-htpNat grpdlU"
          color="grays.2"
          font-family="sans"
          font-size="1.5rem"
          font-weight="300"
        >
          react
        </p>
        <p
          class="sc-bdVaJa sc-iwsKbI iTJsEg sc-htpNat grpdlU"
          color="grays.2"
          font-family="sans"
          font-size="1.5rem"
          font-weight="300"
        >
          typescript
        </p>
      </div>
    </div>
    <svg
      aria-hidden="true"
      class="sc-gqjmRU jJWITs StyledIconBase-sc-bdy9j4 jbPeIR"
      fill="currentColor"
      focusable="false"
      height="8rem"
      viewBox="0 0 24 24"
      width="8rem"
    >
      <path
        d="M8.59 16.34l4.58-4.59-4.58-4.59L10 5.75l6 6-6 6z"
      />
    </svg>
  </a>
</DocumentFragment>
`;
