// Jest Snapshot v1, https://goo.gl/fbAQLP

exports[`Nav renders without crashing 1`] = `
<DocumentFragment>
  <nav
    class="sc-bdVaJa sc-bwzfXH sc-htoDjs eqlYGh"
    color="white"
  >
    <header
      class="sc-bdVaJa sc-bwzfXH sc-gZMcBi chflbx"
      width="100%"
    >
      <p
        class="sc-bdVaJa sc-htpNat jzCLQO"
        font-family="sans"
        font-size="0,1"
        font-weight="600"
      >
        narendras
        <span
          class="sc-bdVaJa sc-htpNat fYauba"
          font-family="sans"
          font-size="0,1"
          font-weight="300"
        >
          .io
        </span>
      </p>
      <nav
        class="sc-bdVaJa sc-iwsKbI jKoAKK"
        display="none,block"
      >
        <a
          class="sc-bdVaJa sc-dnqmqq kjNnRX sc-htpNat dRQZBK"
          color="black"
          font-family="sans"
          font-size="0,1"
          href="/about"
        >
          about
        </a>
        <a
          class="sc-bdVaJa sc-dnqmqq kjNnRX sc-htpNat dRQZBK"
          color="black"
          font-family="sans"
          font-size="0,1"
          href="/blog"
        >
          blog
        </a>
      </nav>
    </header>
    <a
      class="sc-bdVaJa sc-dnqmqq kjNnRX sc-htpNat gjSwEg"
      color="white"
      font-family="sans"
      font-size="2"
      font-weight="600"
      href="/about"
    >
      About
    </a>
    <a
      class="sc-bdVaJa sc-dnqmqq kjNnRX sc-htpNat gjSwEg"
      color="white"
      font-family="sans"
      font-size="2"
      font-weight="600"
      href="/blog"
    >
      Blog
    </a>
  </nav>
</DocumentFragment>
`;
