// Jest Snapshot v1, https://goo.gl/fbAQLP

exports[`Domain renders without crashing 1`] = `
<DocumentFragment>
  <a
    class="sc-bdVaJa sc-htoDjs jssEWI sc-htpNat cYLLdT"
    color="black"
    font-family="sans"
    font-size="0,1"
    font-weight="600"
    href="/home"
  >
    narendras
    <span
      class="sc-bdVaJa sc-htpNat fYauba"
      font-family="sans"
      font-size="0,1"
      font-weight="300"
    >
      .io
    </span>
  </a>
</DocumentFragment>
`;
