// Jest Snapshot v1, https://goo.gl/fbAQLP

exports[`Loading renders without crashing 1`] = `
<DocumentFragment>
  <main
    class="sc-bdVaJa sc-bwzfXH sc-htoDjs eUrBiN"
  >
    <h1
      class="sc-bdVaJa sc-htpNat sc-dnqmqq hclutY sc-bxivhb hyqNPW"
      font-size="3"
      font-weight="bold"
    >
      hello!
    </h1>
  </main>
</DocumentFragment>
`;
