// Jest Snapshot v1, https://goo.gl/fbAQLP

exports[`Loading renders without crashing 1`] = `
<DocumentFragment>
  <main
    class="sc-bdVaJa sc-bwzfXH sc-htoDjs dyHaNR"
  >
    <h1
      class="sc-bdVaJa sc-htpNat sc-dnqmqq DTtEm sc-bxivhb gBkMPw"
      font-size="2"
      font-weight="bold"
    >
      hello!
    </h1>
  </main>
</DocumentFragment>
`;
